SmallFeaturePhone 
SmallFeaturePhone -Message 
-SmallFeaturePhone Message 
Message -SMS 
-Message SMS 
Message -MMS 
SmallFeaturePhone -MMS 
SmallFeaturePhone -Communication 
SmallFeaturePhone -Communication 
Communication -WLAN 
SmallFeaturePhone -WLAN 
Communication -Bluetooth 
SmallFeaturePhone -Bluetooth 
Communication -UMTS 
SmallFeaturePhone -UMTS 
SmallFeaturePhone -Extras 
SmallFeaturePhone -Extras 
Extras -MP3 
SmallFeaturePhone -MP3 
Extras -Camera 
SmallFeaturePhone -Camera 
MP3 Camera -Extras 
Camera -M_3 
SmallFeaturePhone -M_3 
Camera -M_8 
SmallFeaturePhone -M_8 
-M_3 -M_8 
-M_3 Camera 
-M_8 Camera 
M_3 M_8 -Camera 
-MMS Camera 
-MMS -M_8